// Jest Snapshot v1, https://goo.gl/fbAQLP

exports[`<CarForm /> Enzyme Static HTML <CarForm /> renders 1`] = `"\\"<form><div><label for=\\\\\\"make-input\\\\\\">Make:</label><input type=\\\\\\"text\\\\\\" id=\\\\\\"make-input\\\\\\" name=\\\\\\"make\\\\\\" value></div><div><label for=\\\\\\"model-input\\\\\\">Model:</label><input type=\\\\\\"text\\\\\\" id=\\\\\\"model-input\\\\\\" name=\\\\\\"model\\\\\\" value></div><div><label for=\\\\\\"year-input\\\\\\">Year:</label><input type=\\\\\\"number\\\\\\" id=\\\\\\"year-input\\\\\\" name=\\\\\\"year\\\\\\" value=\\\\\\"1900\\\\\\"></div><div><label for=\\\\\\"color-input\\\\\\">Color:</label><input type=\\\\\\"text\\\\\\" id=\\\\\\"color-input\\\\\\" name=\\\\\\"color\\\\\\" value></div><div><label for=\\\\\\"price-input\\\\\\">Price:</label><input type=\\\\\\"number\\\\\\" id=\\\\\\"price-input\\\\\\" name=\\\\\\"price\\\\\\" value=\\\\\\"0\\\\\\"></div><button type=\\\\\\"button\\\\\\">Add Car</button></form>\\""`;
